// Jest Snapshot v1, https://goo.gl/fbAQLP

exports[`<AudioPlayer /> should render and match the snapshot 1`] = `
<body>
  <div>
    <div>
      <div
        class="AudioPlayer__Controls-vuu9fp-5 iAXODq"
      >
        <span
          aria-label="play-circle"
          class="anticon anticon-play-circle AudioPlayer__PlayIcon-vuu9fp-0 jBFxsf"
          role="img"
          tabindex="-1"
        >
          <svg
            aria-hidden="true"
            data-icon="play-circle"
            fill="currentColor"
            focusable="false"
            height="1em"
            viewBox="64 64 896 896"
            width="1em"
          >
            <path
              d="M512 64C264.6 64 64 264.6 64 512s200.6 448 448 448 448-200.6 448-448S759.4 64 512 64zm144.1 454.9L437.7 677.8a8.02 8.02 0 01-12.7-6.5V353.7a8 8 0 0112.7-6.5L656.1 506a7.9 7.9 0 010 12.9z"
            />
          </svg>
        </span>
        <div
          class="AudioPlayer__TimelineContainer-vuu9fp-3 hUDZYt"
        >
          <div
            class="AudioPlayer__Timeline-vuu9fp-2 eCUPHn"
          >
            <div
              class="AudioPlayer__Progress-vuu9fp-4 cBuoQg"
              style="width: 0%;"
            />
          </div>
        </div>
        <small
          id="currentTime"
        >
          00:00
        </small>
      </div>
      <audio />
    </div>
  </div>
</body>
`;
